validate_contracts: PASS
validate_specs: PASS
validate_okf: PASS
lint_ascii: PASS
validate_rules: PASS
validate_skills: PASS
validate_changelog: PASS
validate_ux_page: PASS
validate_diagrams: PASS
validate_security_findings: PASS
validate_compliance_findings: PASS
validate_privacy_findings: PASS
validate_accessibility_findings: PASS
validate_dependency_eol_findings: PASS
validate_observability_findings: PASS
validate_test_coverage_findings: PASS
validate_test_commands: PASS
scan_secrets: PASS
validate_attestation: PASS
Summary: 19/19
